2026-01-07 16:07:07.098 +07:00 [INF] Pelindo Car Loan API started successfully
2026-01-07 16:07:07.172 +07:00 [INF] User profile is available. Using 'C:\Users\abima\AppData\Local\ASP.NET\DataProtection-Keys' as key repository and Windows DPAPI to encrypt keys at rest.
2026-01-07 16:07:07.186 +07:00 [INF] Creating key {cd25efca-7bc6-41c0-a6dc-a205b09cc39d} with creation date 2026-01-07 09:07:07Z, activation date 2026-01-07 09:07:07Z, and expiration date 2026-04-07 09:07:07Z.
2026-01-07 16:07:07.204 +07:00 [INF] Writing data to file 'C:\Users\abima\AppData\Local\ASP.NET\DataProtection-Keys\key-cd25efca-7bc6-41c0-a6dc-a205b09cc39d.xml'.
2026-01-07 16:07:07.281 +07:00 [INF] Now listening on: http://localhost:5000
2026-01-07 16:07:07.284 +07:00 [INF] Application started. Press Ctrl+C to shut down.
2026-01-07 16:07:07.286 +07:00 [INF] Hosting environment: Production
2026-01-07 16:07:07.287 +07:00 [INF] Content root path: C:\Users\abima\Desktop\Project\Pelindo\pelindo-car-loan\backend\PelindoCarLoan.API
2026-01-07 16:07:12.397 +07:00 [INF] Request starting HTTP/1.1 GET http://localhost:5000/ - null null
2026-01-07 16:07:12.441 +07:00 [WRN] Failed to determine the https port for redirect.
2026-01-07 16:07:13.771 +07:00 [INF] Request finished HTTP/1.1 GET http://localhost:5000/ - 404 0 null 1377.8631ms
2026-01-07 16:07:13.784 +07:00 [INF] Request reached the end of the middleware pipeline without being handled by application code. Request path: GET http://localhost:5000/, Response status code: 404
2026-01-07 16:07:18.930 +07:00 [INF] Request starting HTTP/1.1 GET http://localhost:5000/ - null null
2026-01-07 16:07:18.936 +07:00 [INF] Request finished HTTP/1.1 GET http://localhost:5000/ - 404 0 null 5.9971ms
2026-01-07 16:07:18.941 +07:00 [INF] Request reached the end of the middleware pipeline without being handled by application code. Request path: GET http://localhost:5000/, Response status code: 404
2026-01-07 16:08:00.183 +07:00 [INF] Request starting HTTP/1.1 POST http://localhost:5000/api/auth/login - application/json 48
2026-01-07 16:08:00.188 +07:00 [INF] CORS policy execution successful.
2026-01-07 16:08:00.191 +07:00 [INF] Executing endpoint 'PelindoCarLoan.API.Controllers.AuthController.Login (PelindoCarLoan.API)'
2026-01-07 16:08:00.254 +07:00 [INF] Route matched with {action = "Login", controller = "Auth"}. Executing controller action with signature System.Threading.Tasks.Task`1[Microsoft.AspNetCore.Mvc.IActionResult] Login(PelindoCarLoan.API.DTOs.LoginRequestDto) on controller PelindoCarLoan.API.Controllers.AuthController (PelindoCarLoan.API).
2026-01-07 16:08:00.343 +07:00 [INF] Executing BadRequestObjectResult, writing value of type 'Microsoft.AspNetCore.Mvc.ValidationProblemDetails'.
2026-01-07 16:08:00.367 +07:00 [INF] Executed action PelindoCarLoan.API.Controllers.AuthController.Login (PelindoCarLoan.API) in 108.3999ms
2026-01-07 16:08:00.370 +07:00 [INF] Executed endpoint 'PelindoCarLoan.API.Controllers.AuthController.Login (PelindoCarLoan.API)'
2026-01-07 16:08:00.371 +07:00 [INF] Request finished HTTP/1.1 POST http://localhost:5000/api/auth/login - 400 null application/problem+json; charset=utf-8 187.5896ms
2026-01-07 16:08:23.099 +07:00 [INF] Request starting HTTP/1.1 GET http://localhost:5000/swagger?id=640b2f83-57ff-413b-b158-a74484e79114&vscodeBrowserReqId=1767776903094 - null null
2026-01-07 16:08:23.102 +07:00 [INF] Request finished HTTP/1.1 GET http://localhost:5000/swagger?id=640b2f83-57ff-413b-b158-a74484e79114&vscodeBrowserReqId=1767776903094 - 404 0 null 2.8466ms
2026-01-07 16:08:23.105 +07:00 [INF] Request reached the end of the middleware pipeline without being handled by application code. Request path: GET http://localhost:5000/swagger, Response status code: 404
2026-01-07 16:15:56.010 +07:00 [INF] Request starting HTTP/1.1 POST http://localhost:5000/api/auth/login - application/json 46
2026-01-07 16:15:56.015 +07:00 [INF] Executing endpoint 'PelindoCarLoan.API.Controllers.AuthController.Login (PelindoCarLoan.API)'
2026-01-07 16:15:56.016 +07:00 [INF] Route matched with {action = "Login", controller = "Auth"}. Executing controller action with signature System.Threading.Tasks.Task`1[Microsoft.AspNetCore.Mvc.IActionResult] Login(PelindoCarLoan.API.DTOs.LoginRequestDto) on controller PelindoCarLoan.API.Controllers.AuthController (PelindoCarLoan.API).
2026-01-07 16:15:56.027 +07:00 [INF] Executing BadRequestObjectResult, writing value of type 'Microsoft.AspNetCore.Mvc.ValidationProblemDetails'.
2026-01-07 16:15:56.028 +07:00 [INF] Executed action PelindoCarLoan.API.Controllers.AuthController.Login (PelindoCarLoan.API) in 10.8152ms
2026-01-07 16:15:56.029 +07:00 [INF] Executed endpoint 'PelindoCarLoan.API.Controllers.AuthController.Login (PelindoCarLoan.API)'
2026-01-07 16:15:56.031 +07:00 [INF] Request finished HTTP/1.1 POST http://localhost:5000/api/auth/login - 400 null application/problem+json; charset=utf-8 20.6373ms
2026-01-07 16:16:08.148 +07:00 [INF] Request starting HTTP/1.1 GET http://localhost:5000/swagger - null null
2026-01-07 16:16:08.150 +07:00 [INF] Request finished HTTP/1.1 GET http://localhost:5000/swagger - 404 0 null 2.5765ms
2026-01-07 16:16:08.154 +07:00 [INF] Request reached the end of the middleware pipeline without being handled by application code. Request path: GET http://localhost:5000/swagger, Response status code: 404
2026-01-07 16:17:28.168 +07:00 [INF] Pelindo Car Loan API started successfully
2026-01-07 16:17:28.219 +07:00 [INF] User profile is available. Using 'C:\Users\abima\AppData\Local\ASP.NET\DataProtection-Keys' as key repository and Windows DPAPI to encrypt keys at rest.
2026-01-07 16:17:28.269 +07:00 [INF] Now listening on: http://localhost:5000
2026-01-07 16:17:28.273 +07:00 [INF] Application started. Press Ctrl+C to shut down.
2026-01-07 16:17:28.274 +07:00 [INF] Hosting environment: Production
2026-01-07 16:17:28.274 +07:00 [INF] Content root path: C:\Users\abima\Desktop\Project\Pelindo\pelindo-car-loan\backend\PelindoCarLoan.API
2026-01-07 16:17:43.893 +07:00 [INF] Application is shutting down...
2026-01-07 16:18:21.524 +07:00 [INF] Pelindo Car Loan API started successfully
2026-01-07 16:18:21.589 +07:00 [INF] User profile is available. Using 'C:\Users\abima\AppData\Local\ASP.NET\DataProtection-Keys' as key repository and Windows DPAPI to encrypt keys at rest.
2026-01-07 16:18:21.646 +07:00 [INF] Now listening on: http://localhost:5000
2026-01-07 16:18:21.648 +07:00 [INF] Application started. Press Ctrl+C to shut down.
2026-01-07 16:18:21.649 +07:00 [INF] Hosting environment: Production
2026-01-07 16:18:21.650 +07:00 [INF] Content root path: C:\Users\abima\Desktop\Project\Pelindo\pelindo-car-loan\backend\PelindoCarLoan.API
2026-01-07 16:18:38.873 +07:00 [INF] Application is shutting down...
2026-01-07 16:21:53.361 +07:00 [INF] Pelindo Car Loan API started successfully
2026-01-07 16:21:53.416 +07:00 [INF] User profile is available. Using 'C:\Users\abima\AppData\Local\ASP.NET\DataProtection-Keys' as key repository and Windows DPAPI to encrypt keys at rest.
2026-01-07 16:21:53.472 +07:00 [INF] Now listening on: http://localhost:5000
2026-01-07 16:21:53.475 +07:00 [INF] Application started. Press Ctrl+C to shut down.
2026-01-07 16:21:53.476 +07:00 [INF] Hosting environment: Production
2026-01-07 16:21:53.477 +07:00 [INF] Content root path: C:\Users\abima\Desktop\Project\Pelindo\pelindo-car-loan\backend\PelindoCarLoan.API
2026-01-07 16:22:14.213 +07:00 [INF] Application is shutting down...
2026-01-07 16:29:11.338 +07:00 [INF] Pelindo Car Loan API started successfully
2026-01-07 16:29:11.393 +07:00 [INF] User profile is available. Using 'C:\Users\abima\AppData\Local\ASP.NET\DataProtection-Keys' as key repository and Windows DPAPI to encrypt keys at rest.
2026-01-07 16:29:11.452 +07:00 [INF] Now listening on: http://localhost:5000
2026-01-07 16:29:11.455 +07:00 [INF] Application started. Press Ctrl+C to shut down.
2026-01-07 16:29:11.457 +07:00 [INF] Hosting environment: Production
2026-01-07 16:29:11.457 +07:00 [INF] Content root path: C:\Users\abima\Desktop\Project\Pelindo\pelindo-car-loan\backend\PelindoCarLoan.API
2026-01-07 16:29:29.422 +07:00 [INF] Application is shutting down...
2026-01-07 16:30:14.621 +07:00 [INF] Pelindo Car Loan API started successfully
2026-01-07 16:30:14.668 +07:00 [INF] User profile is available. Using 'C:\Users\abima\AppData\Local\ASP.NET\DataProtection-Keys' as key repository and Windows DPAPI to encrypt keys at rest.
2026-01-07 16:30:14.714 +07:00 [INF] Now listening on: http://localhost:5000
2026-01-07 16:30:14.715 +07:00 [INF] Application started. Press Ctrl+C to shut down.
2026-01-07 16:30:14.715 +07:00 [INF] Hosting environment: Production
2026-01-07 16:30:14.715 +07:00 [INF] Content root path: C:\Users\abima\Desktop\Project\Pelindo\pelindo-car-loan\backend\PelindoCarLoan.API
2026-01-07 16:32:20.870 +07:00 [INF] Application is shutting down...
2026-01-07 16:33:59.765 +07:00 [INF] Pelindo Car Loan API started successfully
2026-01-07 16:33:59.814 +07:00 [INF] User profile is available. Using 'C:\Users\abima\AppData\Local\ASP.NET\DataProtection-Keys' as key repository and Windows DPAPI to encrypt keys at rest.
2026-01-07 16:33:59.978 +07:00 [INF] Now listening on: http://localhost:5000
2026-01-07 16:33:59.981 +07:00 [INF] Application started. Press Ctrl+C to shut down.
2026-01-07 16:33:59.982 +07:00 [INF] Hosting environment: Development
2026-01-07 16:33:59.983 +07:00 [INF] Content root path: C:\Users\abima\Desktop\Project\Pelindo\pelindo-car-loan\backend\PelindoCarLoan.API
2026-01-07 16:34:13.489 +07:00 [INF] Request starting HTTP/1.1 GET http://localhost:5000/swagger/index.html - null null
2026-01-07 16:34:13.517 +07:00 [WRN] Failed to determine the https port for redirect.
2026-01-07 16:34:14.591 +07:00 [INF] Request finished HTTP/1.1 GET http://localhost:5000/swagger/index.html - 404 0 null 1101.9745ms
2026-01-07 16:34:14.599 +07:00 [INF] Request reached the end of the middleware pipeline without being handled by application code. Request path: GET http://localhost:5000/swagger/index.html, Response status code: 404
2026-01-07 16:34:30.126 +07:00 [INF] Request starting HTTP/1.1 GET http://localhost:5000/ - null null
2026-01-07 16:34:30.130 +07:00 [INF] Request finished HTTP/1.1 GET http://localhost:5000/ - 301 0 null 4.4562ms
2026-01-07 16:34:30.134 +07:00 [INF] Request starting HTTP/1.1 GET http://localhost:5000/index.html - null null
2026-01-07 16:34:30.186 +07:00 [INF] Request finished HTTP/1.1 GET http://localhost:5000/index.html - 200 null text/html;charset=utf-8 51.9482ms
2026-01-07 16:34:49.435 +07:00 [INF] Request starting HTTP/1.1 POST http://localhost:5000/api/auth/login - application/json 75
2026-01-07 16:34:49.442 +07:00 [INF] Executing endpoint 'PelindoCarLoan.API.Controllers.AuthController.Login (PelindoCarLoan.API)'
2026-01-07 16:34:49.459 +07:00 [INF] Route matched with {action = "Login", controller = "Auth"}. Executing controller action with signature System.Threading.Tasks.Task`1[Microsoft.AspNetCore.Mvc.IActionResult] Login(PelindoCarLoan.API.DTOs.LoginRequestDto) on controller PelindoCarLoan.API.Controllers.AuthController (PelindoCarLoan.API).
2026-01-07 16:34:51.726 +07:00 [INF] Executed action PelindoCarLoan.API.Controllers.AuthController.Login (PelindoCarLoan.API) in 2262.6641ms
2026-01-07 16:34:51.728 +07:00 [INF] Executed endpoint 'PelindoCarLoan.API.Controllers.AuthController.Login (PelindoCarLoan.API)'
2026-01-07 16:34:51.730 +07:00 [ERR] An unhandled exception occurred
Oracle.ManagedDataAccess.Client.OracleException (0x80004005): ORA-01017: invalid username/password; logon denied
https://docs.oracle.com/error-help/db/ora-01017/
   at OracleInternal.ConnectionPool.PoolManager`3.GetAsync(ConnectionString csWithDiffOrNewPassw, Boolean bGetForApp, OracleConnection connRefForCriteria, String affinityInstanceName, Boolean bForceMatch, Boolean bAsync)
   at OracleInternal.ConnectionPool.OraclePoolManager.GetAsync(ConnectionString csWithNewPassw, Boolean bGetForApp, OracleConnection connRefForCriteria, String affinityInstanceName, Boolean bForceMatch, Boolean bAsync)
   at OracleInternal.ConnectionPool.OracleConnectionDispenser`3.GetAsync(ConnectionString cs, PM conPM, ConnectionString pmCS, OracleOpaqueString securedPassw, OracleOpaqueString securedProxyPassw, OracleConnection connRefForCriteria, Boolean bAsync)
   at Oracle.ManagedDataAccess.Client.OracleConnectionInternal.OpenInternalAsync(Boolean bAsync)
   at Oracle.ManagedDataAccess.Client.OracleConnectionInternal.OpenAsyncHelper(CancellationToken cancellationToken)
   at Oracle.ManagedDataAccess.Client.OracleConnectionInternal.OpenAsyncHelper(CancellationToken cancellationToken)
   at Oracle.ManagedDataAccess.Client.OracleConnectionInternal.OpenAsync(CancellationToken cancellationToken)
   at Dapper.SqlMapper.QueryRowAsync[T](IDbConnection cnn, Row row, Type effectiveType, CommandDefinition command) in /_/Dapper/SqlMapper.Async.cs:line 488
   at PelindoCarLoan.API.Repositories.UserRepository.GetByEmailAsync(String email) in C:\Users\abima\Desktop\Project\Pelindo\pelindo-car-loan\backend\PelindoCarLoan.API\Repositories\UserRepository.cs:line 52
   at PelindoCarLoan.API.Services.AuthService.LoginAsync(LoginRequestDto request) in C:\Users\abima\Desktop\Project\Pelindo\pelindo-car-loan\backend\PelindoCarLoan.API\Services\AuthService.cs:line 42
   at PelindoCarLoan.API.Controllers.AuthController.Login(LoginRequestDto request) in C:\Users\abima\Desktop\Project\Pelindo\pelindo-car-loan\backend\PelindoCarLoan.API\Controllers\AuthController.cs:line 34
   at Microsoft.AspNetCore.Mvc.Infrastructure.ActionMethodExecutor.TaskOfIActionResultExecutor.Execute(ActionContext actionContext, IActionResultTypeMapper mapper, ObjectMethodExecutor executor, Object controller, Object[] arguments)
   at Microsoft.AspNetCore.Mvc.Infrastructure.ControllerActionInvoker.<InvokeActionMethodAsync>g__Awaited|12_0(ControllerActionInvoker invoker, ValueTask`1 actionResultValueTask)
   at Microsoft.AspNetCore.Mvc.Infrastructure.ControllerActionInvoker.<InvokeNextActionFilterAsync>g__Awaited|10_0(ControllerActionInvoker invoker, Task lastTask, State next, Scope scope, Object state, Boolean isCompleted)
   at Microsoft.AspNetCore.Mvc.Infrastructure.ControllerActionInvoker.Rethrow(ActionExecutedContextSealed context)
   at Microsoft.AspNetCore.Mvc.Infrastructure.ControllerActionInvoker.Next(State& next, Scope& scope, Object& state, Boolean& isCompleted)
   at Microsoft.AspNetCore.Mvc.Infrastructure.ControllerActionInvoker.<InvokeInnerFilterAsync>g__Awaited|13_0(ControllerActionInvoker invoker, Task lastTask, State next, Scope scope, Object state, Boolean isCompleted)
   at Microsoft.AspNetCore.Mvc.Infrastructure.ResourceInvoker.<InvokeFilterPipelineAsync>g__Awaited|20_0(ResourceInvoker invoker, Task lastTask, State next, Scope scope, Object state, Boolean isCompleted)
   at Microsoft.AspNetCore.Mvc.Infrastructure.ResourceInvoker.<InvokeAsync>g__Logged|17_1(ResourceInvoker invoker)
   at Microsoft.AspNetCore.Mvc.Infrastructure.ResourceInvoker.<InvokeAsync>g__Logged|17_1(ResourceInvoker invoker)
   at Microsoft.AspNetCore.Routing.EndpointMiddleware.<Invoke>g__AwaitRequestTask|7_0(Endpoint endpoint, Task requestTask, ILogger logger)
   at Microsoft.AspNetCore.Authorization.AuthorizationMiddleware.Invoke(HttpContext context)
   at Microsoft.AspNetCore.Authentication.AuthenticationMiddleware.Invoke(HttpContext context)
   at PelindoCarLoan.API.Middleware.ExceptionMiddleware.InvokeAsync(HttpContext context) in C:\Users\abima\Desktop\Project\Pelindo\pelindo-car-loan\backend\PelindoCarLoan.API\Middleware\ExceptionMiddleware.cs:line 22
2026-01-07 16:34:51.751 +07:00 [INF] Request finished HTTP/1.1 POST http://localhost:5000/api/auth/login - 500 null application/json 2316.1132ms
2026-01-07 16:35:23.086 +07:00 [INF] Request starting HTTP/1.1 POST http://localhost:5000/api/auth/login - application/json 42
2026-01-07 16:35:23.091 +07:00 [INF] CORS policy execution successful.
2026-01-07 16:35:23.093 +07:00 [INF] Executing endpoint 'PelindoCarLoan.API.Controllers.AuthController.Login (PelindoCarLoan.API)'
2026-01-07 16:35:23.094 +07:00 [INF] Route matched with {action = "Login", controller = "Auth"}. Executing controller action with signature System.Threading.Tasks.Task`1[Microsoft.AspNetCore.Mvc.IActionResult] Login(PelindoCarLoan.API.DTOs.LoginRequestDto) on controller PelindoCarLoan.API.Controllers.AuthController (PelindoCarLoan.API).
2026-01-07 16:35:23.104 +07:00 [INF] Executing BadRequestObjectResult, writing value of type 'Microsoft.AspNetCore.Mvc.ValidationProblemDetails'.
2026-01-07 16:35:23.115 +07:00 [INF] Executed action PelindoCarLoan.API.Controllers.AuthController.Login (PelindoCarLoan.API) in 19.3837ms
2026-01-07 16:35:23.116 +07:00 [INF] Executed endpoint 'PelindoCarLoan.API.Controllers.AuthController.Login (PelindoCarLoan.API)'
2026-01-07 16:35:23.117 +07:00 [INF] Request finished HTTP/1.1 POST http://localhost:5000/api/auth/login - 400 null application/problem+json; charset=utf-8 31.2255ms
2026-01-07 16:36:17.594 +07:00 [INF] Request starting HTTP/1.1 POST http://localhost:5000/api/auth/login - application/json 56
2026-01-07 16:36:17.599 +07:00 [INF] CORS policy execution successful.
2026-01-07 16:36:17.600 +07:00 [INF] Executing endpoint 'PelindoCarLoan.API.Controllers.AuthController.Login (PelindoCarLoan.API)'
2026-01-07 16:36:17.601 +07:00 [INF] Route matched with {action = "Login", controller = "Auth"}. Executing controller action with signature System.Threading.Tasks.Task`1[Microsoft.AspNetCore.Mvc.IActionResult] Login(PelindoCarLoan.API.DTOs.LoginRequestDto) on controller PelindoCarLoan.API.Controllers.AuthController (PelindoCarLoan.API).
2026-01-07 16:36:17.618 +07:00 [INF] Executing BadRequestObjectResult, writing value of type 'Microsoft.AspNetCore.Mvc.ValidationProblemDetails'.
2026-01-07 16:36:17.621 +07:00 [INF] Executed action PelindoCarLoan.API.Controllers.AuthController.Login (PelindoCarLoan.API) in 5.6515ms
2026-01-07 16:36:17.622 +07:00 [INF] Executed endpoint 'PelindoCarLoan.API.Controllers.AuthController.Login (PelindoCarLoan.API)'
2026-01-07 16:36:17.623 +07:00 [INF] Request finished HTTP/1.1 POST http://localhost:5000/api/auth/login - 400 null application/problem+json; charset=utf-8 29.0678ms
2026-01-07 16:38:27.532 +07:00 [INF] Request starting HTTP/1.1 POST http://localhost:5000/api/auth/login - application/json 60
2026-01-07 16:38:27.536 +07:00 [INF] CORS policy execution successful.
2026-01-07 16:38:27.536 +07:00 [INF] Executing endpoint 'PelindoCarLoan.API.Controllers.AuthController.Login (PelindoCarLoan.API)'
2026-01-07 16:38:27.537 +07:00 [INF] Route matched with {action = "Login", controller = "Auth"}. Executing controller action with signature System.Threading.Tasks.Task`1[Microsoft.AspNetCore.Mvc.IActionResult] Login(PelindoCarLoan.API.DTOs.LoginRequestDto) on controller PelindoCarLoan.API.Controllers.AuthController (PelindoCarLoan.API).
2026-01-07 16:38:27.539 +07:00 [INF] Executing BadRequestObjectResult, writing value of type 'Microsoft.AspNetCore.Mvc.ValidationProblemDetails'.
2026-01-07 16:38:27.541 +07:00 [INF] Executed action PelindoCarLoan.API.Controllers.AuthController.Login (PelindoCarLoan.API) in 2.0044ms
2026-01-07 16:38:27.542 +07:00 [INF] Executed endpoint 'PelindoCarLoan.API.Controllers.AuthController.Login (PelindoCarLoan.API)'
2026-01-07 16:38:27.545 +07:00 [INF] Request finished HTTP/1.1 POST http://localhost:5000/api/auth/login - 400 null application/problem+json; charset=utf-8 13.3394ms
2026-01-07 16:41:45.813 +07:00 [INF] Pelindo Car Loan API started successfully
2026-01-07 16:41:45.866 +07:00 [INF] User profile is available. Using 'C:\Users\abima\AppData\Local\ASP.NET\DataProtection-Keys' as key repository and Windows DPAPI to encrypt keys at rest.
2026-01-07 16:41:45.916 +07:00 [INF] Now listening on: http://localhost:5000
2026-01-07 16:41:45.918 +07:00 [INF] Application started. Press Ctrl+C to shut down.
2026-01-07 16:41:45.919 +07:00 [INF] Hosting environment: Development
2026-01-07 16:41:45.920 +07:00 [INF] Content root path: C:\Users\abima\Desktop\Project\Pelindo\pelindo-car-loan\backend\PelindoCarLoan.API
2026-01-07 16:41:58.829 +07:00 [INF] Request starting HTTP/1.1 GET http://localhost:5000/ - null null
2026-01-07 16:41:58.856 +07:00 [INF] Request finished HTTP/1.1 GET http://localhost:5000/ - 301 0 null 27.0704ms
2026-01-07 16:41:58.863 +07:00 [INF] Request starting HTTP/1.1 GET http://localhost:5000/index.html - null null
2026-01-07 16:41:58.906 +07:00 [INF] Request finished HTTP/1.1 GET http://localhost:5000/index.html - 200 null text/html;charset=utf-8 42.785ms
2026-01-07 16:43:13.799 +07:00 [INF] Request starting HTTP/1.1 POST http://localhost:5000/api/auth/login - application/json 75
2026-01-07 16:43:13.810 +07:00 [WRN] Failed to determine the https port for redirect.
2026-01-07 16:43:13.836 +07:00 [INF] Executing endpoint 'PelindoCarLoan.API.Controllers.AuthController.Login (PelindoCarLoan.API)'
2026-01-07 16:43:13.856 +07:00 [INF] Route matched with {action = "Login", controller = "Auth"}. Executing controller action with signature System.Threading.Tasks.Task`1[Microsoft.AspNetCore.Mvc.IActionResult] Login(PelindoCarLoan.API.DTOs.LoginRequestDto) on controller PelindoCarLoan.API.Controllers.AuthController (PelindoCarLoan.API).
2026-01-07 16:43:15.270 +07:00 [INF] Executed action PelindoCarLoan.API.Controllers.AuthController.Login (PelindoCarLoan.API) in 1406.9514ms
2026-01-07 16:43:15.273 +07:00 [INF] Executed endpoint 'PelindoCarLoan.API.Controllers.AuthController.Login (PelindoCarLoan.API)'
2026-01-07 16:43:15.275 +07:00 [ERR] An unhandled exception occurred
Oracle.ManagedDataAccess.Client.OracleException (0x80004005): ORA-01017: invalid username/password; logon denied
https://docs.oracle.com/error-help/db/ora-01017/
   at OracleInternal.ConnectionPool.PoolManager`3.GetAsync(ConnectionString csWithDiffOrNewPassw, Boolean bGetForApp, OracleConnection connRefForCriteria, String affinityInstanceName, Boolean bForceMatch, Boolean bAsync)
   at OracleInternal.ConnectionPool.OraclePoolManager.GetAsync(ConnectionString csWithNewPassw, Boolean bGetForApp, OracleConnection connRefForCriteria, String affinityInstanceName, Boolean bForceMatch, Boolean bAsync)
   at OracleInternal.ConnectionPool.OracleConnectionDispenser`3.GetAsync(ConnectionString cs, PM conPM, ConnectionString pmCS, OracleOpaqueString securedPassw, OracleOpaqueString securedProxyPassw, OracleConnection connRefForCriteria, Boolean bAsync)
   at Oracle.ManagedDataAccess.Client.OracleConnectionInternal.OpenInternalAsync(Boolean bAsync)
   at Oracle.ManagedDataAccess.Client.OracleConnectionInternal.OpenAsyncHelper(CancellationToken cancellationToken)
   at Oracle.ManagedDataAccess.Client.OracleConnectionInternal.OpenAsyncHelper(CancellationToken cancellationToken)
   at Oracle.ManagedDataAccess.Client.OracleConnectionInternal.OpenAsync(CancellationToken cancellationToken)
   at Dapper.SqlMapper.QueryRowAsync[T](IDbConnection cnn, Row row, Type effectiveType, CommandDefinition command) in /_/Dapper/SqlMapper.Async.cs:line 488
   at PelindoCarLoan.API.Repositories.UserRepository.GetByEmailAsync(String email) in C:\Users\abima\Desktop\Project\Pelindo\pelindo-car-loan\backend\PelindoCarLoan.API\Repositories\UserRepository.cs:line 52
   at PelindoCarLoan.API.Services.AuthService.LoginAsync(LoginRequestDto request) in C:\Users\abima\Desktop\Project\Pelindo\pelindo-car-loan\backend\PelindoCarLoan.API\Services\AuthService.cs:line 42
   at PelindoCarLoan.API.Controllers.AuthController.Login(LoginRequestDto request) in C:\Users\abima\Desktop\Project\Pelindo\pelindo-car-loan\backend\PelindoCarLoan.API\Controllers\AuthController.cs:line 34
   at Microsoft.AspNetCore.Mvc.Infrastructure.ActionMethodExecutor.TaskOfIActionResultExecutor.Execute(ActionContext actionContext, IActionResultTypeMapper mapper, ObjectMethodExecutor executor, Object controller, Object[] arguments)
   at Microsoft.AspNetCore.Mvc.Infrastructure.ControllerActionInvoker.<InvokeActionMethodAsync>g__Awaited|12_0(ControllerActionInvoker invoker, ValueTask`1 actionResultValueTask)
   at Microsoft.AspNetCore.Mvc.Infrastructure.ControllerActionInvoker.<InvokeNextActionFilterAsync>g__Awaited|10_0(ControllerActionInvoker invoker, Task lastTask, State next, Scope scope, Object state, Boolean isCompleted)
   at Microsoft.AspNetCore.Mvc.Infrastructure.ControllerActionInvoker.Rethrow(ActionExecutedContextSealed context)
   at Microsoft.AspNetCore.Mvc.Infrastructure.ControllerActionInvoker.Next(State& next, Scope& scope, Object& state, Boolean& isCompleted)
   at Microsoft.AspNetCore.Mvc.Infrastructure.ControllerActionInvoker.<InvokeInnerFilterAsync>g__Awaited|13_0(ControllerActionInvoker invoker, Task lastTask, State next, Scope scope, Object state, Boolean isCompleted)
   at Microsoft.AspNetCore.Mvc.Infrastructure.ResourceInvoker.<InvokeFilterPipelineAsync>g__Awaited|20_0(ResourceInvoker invoker, Task lastTask, State next, Scope scope, Object state, Boolean isCompleted)
   at Microsoft.AspNetCore.Mvc.Infrastructure.ResourceInvoker.<InvokeAsync>g__Logged|17_1(ResourceInvoker invoker)
   at Microsoft.AspNetCore.Mvc.Infrastructure.ResourceInvoker.<InvokeAsync>g__Logged|17_1(ResourceInvoker invoker)
   at Microsoft.AspNetCore.Routing.EndpointMiddleware.<Invoke>g__AwaitRequestTask|7_0(Endpoint endpoint, Task requestTask, ILogger logger)
   at Microsoft.AspNetCore.Authorization.AuthorizationMiddleware.Invoke(HttpContext context)
   at Microsoft.AspNetCore.Authentication.AuthenticationMiddleware.Invoke(HttpContext context)
   at PelindoCarLoan.API.Middleware.ExceptionMiddleware.InvokeAsync(HttpContext context) in C:\Users\abima\Desktop\Project\Pelindo\pelindo-car-loan\backend\PelindoCarLoan.API\Middleware\ExceptionMiddleware.cs:line 22
2026-01-07 16:43:15.294 +07:00 [INF] Request finished HTTP/1.1 POST http://localhost:5000/api/auth/login - 500 null application/json 1494.3597ms
2026-01-07 16:43:34.415 +07:00 [INF] Request starting HTTP/1.1 POST http://localhost:5000/api/auth/login - application/json 57
2026-01-07 16:43:34.419 +07:00 [INF] Executing endpoint 'PelindoCarLoan.API.Controllers.AuthController.Login (PelindoCarLoan.API)'
2026-01-07 16:43:34.421 +07:00 [INF] Route matched with {action = "Login", controller = "Auth"}. Executing controller action with signature System.Threading.Tasks.Task`1[Microsoft.AspNetCore.Mvc.IActionResult] Login(PelindoCarLoan.API.DTOs.LoginRequestDto) on controller PelindoCarLoan.API.Controllers.AuthController (PelindoCarLoan.API).
2026-01-07 16:43:35.476 +07:00 [INF] Executed action PelindoCarLoan.API.Controllers.AuthController.Login (PelindoCarLoan.API) in 1052.9231ms
2026-01-07 16:43:35.481 +07:00 [INF] Executed endpoint 'PelindoCarLoan.API.Controllers.AuthController.Login (PelindoCarLoan.API)'
2026-01-07 16:43:35.483 +07:00 [ERR] An unhandled exception occurred
Oracle.ManagedDataAccess.Client.OracleException (0x80004005): ORA-01017: invalid username/password; logon denied
https://docs.oracle.com/error-help/db/ora-01017/
   at OracleInternal.ConnectionPool.PoolManager`3.GetAsync(ConnectionString csWithDiffOrNewPassw, Boolean bGetForApp, OracleConnection connRefForCriteria, String affinityInstanceName, Boolean bForceMatch, Boolean bAsync)
   at OracleInternal.ConnectionPool.OraclePoolManager.GetAsync(ConnectionString csWithNewPassw, Boolean bGetForApp, OracleConnection connRefForCriteria, String affinityInstanceName, Boolean bForceMatch, Boolean bAsync)
   at OracleInternal.ConnectionPool.OracleConnectionDispenser`3.GetAsync(ConnectionString cs, PM conPM, ConnectionString pmCS, OracleOpaqueString securedPassw, OracleOpaqueString securedProxyPassw, OracleConnection connRefForCriteria, Boolean bAsync)
   at Oracle.ManagedDataAccess.Client.OracleConnectionInternal.OpenInternalAsync(Boolean bAsync)
   at Oracle.ManagedDataAccess.Client.OracleConnectionInternal.OpenAsyncHelper(CancellationToken cancellationToken)
   at Oracle.ManagedDataAccess.Client.OracleConnectionInternal.OpenAsyncHelper(CancellationToken cancellationToken)
   at Oracle.ManagedDataAccess.Client.OracleConnectionInternal.OpenAsync(CancellationToken cancellationToken)
   at Dapper.SqlMapper.QueryRowAsync[T](IDbConnection cnn, Row row, Type effectiveType, CommandDefinition command) in /_/Dapper/SqlMapper.Async.cs:line 488
   at PelindoCarLoan.API.Repositories.UserRepository.GetByEmailAsync(String email) in C:\Users\abima\Desktop\Project\Pelindo\pelindo-car-loan\backend\PelindoCarLoan.API\Repositories\UserRepository.cs:line 52
   at PelindoCarLoan.API.Services.AuthService.LoginAsync(LoginRequestDto request) in C:\Users\abima\Desktop\Project\Pelindo\pelindo-car-loan\backend\PelindoCarLoan.API\Services\AuthService.cs:line 42
   at PelindoCarLoan.API.Controllers.AuthController.Login(LoginRequestDto request) in C:\Users\abima\Desktop\Project\Pelindo\pelindo-car-loan\backend\PelindoCarLoan.API\Controllers\AuthController.cs:line 34
   at Microsoft.AspNetCore.Mvc.Infrastructure.ActionMethodExecutor.TaskOfIActionResultExecutor.Execute(ActionContext actionContext, IActionResultTypeMapper mapper, ObjectMethodExecutor executor, Object controller, Object[] arguments)
   at Microsoft.AspNetCore.Mvc.Infrastructure.ControllerActionInvoker.<InvokeActionMethodAsync>g__Awaited|12_0(ControllerActionInvoker invoker, ValueTask`1 actionResultValueTask)
   at Microsoft.AspNetCore.Mvc.Infrastructure.ControllerActionInvoker.<InvokeNextActionFilterAsync>g__Awaited|10_0(ControllerActionInvoker invoker, Task lastTask, State next, Scope scope, Object state, Boolean isCompleted)
   at Microsoft.AspNetCore.Mvc.Infrastructure.ControllerActionInvoker.Rethrow(ActionExecutedContextSealed context)
   at Microsoft.AspNetCore.Mvc.Infrastructure.ControllerActionInvoker.Next(State& next, Scope& scope, Object& state, Boolean& isCompleted)
   at Microsoft.AspNetCore.Mvc.Infrastructure.ControllerActionInvoker.<InvokeInnerFilterAsync>g__Awaited|13_0(ControllerActionInvoker invoker, Task lastTask, State next, Scope scope, Object state, Boolean isCompleted)
   at Microsoft.AspNetCore.Mvc.Infrastructure.ResourceInvoker.<InvokeFilterPipelineAsync>g__Awaited|20_0(ResourceInvoker invoker, Task lastTask, State next, Scope scope, Object state, Boolean isCompleted)
   at Microsoft.AspNetCore.Mvc.Infrastructure.ResourceInvoker.<InvokeAsync>g__Logged|17_1(ResourceInvoker invoker)
   at Microsoft.AspNetCore.Mvc.Infrastructure.ResourceInvoker.<InvokeAsync>g__Logged|17_1(ResourceInvoker invoker)
   at Microsoft.AspNetCore.Routing.EndpointMiddleware.<Invoke>g__AwaitRequestTask|7_0(Endpoint endpoint, Task requestTask, ILogger logger)
   at Microsoft.AspNetCore.Authorization.AuthorizationMiddleware.Invoke(HttpContext context)
   at Microsoft.AspNetCore.Authentication.AuthenticationMiddleware.Invoke(HttpContext context)
   at PelindoCarLoan.API.Middleware.ExceptionMiddleware.InvokeAsync(HttpContext context) in C:\Users\abima\Desktop\Project\Pelindo\pelindo-car-loan\backend\PelindoCarLoan.API\Middleware\ExceptionMiddleware.cs:line 22
2026-01-07 16:43:35.495 +07:00 [INF] Request finished HTTP/1.1 POST http://localhost:5000/api/auth/login - 500 null application/json 1080.4709ms
2026-01-07 16:45:18.383 +07:00 [INF] Request starting HTTP/1.1 OPTIONS http://localhost:5000/api/auth/login - null null
2026-01-07 16:45:18.386 +07:00 [INF] CORS policy execution successful.
2026-01-07 16:45:18.388 +07:00 [INF] Request finished HTTP/1.1 OPTIONS http://localhost:5000/api/auth/login - 204 null null 5.2122ms
2026-01-07 16:45:18.391 +07:00 [INF] Request starting HTTP/1.1 POST http://localhost:5000/api/auth/login - application/json 60
2026-01-07 16:45:18.395 +07:00 [INF] CORS policy execution successful.
2026-01-07 16:45:18.397 +07:00 [INF] Executing endpoint 'PelindoCarLoan.API.Controllers.AuthController.Login (PelindoCarLoan.API)'
2026-01-07 16:45:18.398 +07:00 [INF] Route matched with {action = "Login", controller = "Auth"}. Executing controller action with signature System.Threading.Tasks.Task`1[Microsoft.AspNetCore.Mvc.IActionResult] Login(PelindoCarLoan.API.DTOs.LoginRequestDto) on controller PelindoCarLoan.API.Controllers.AuthController (PelindoCarLoan.API).
2026-01-07 16:45:18.410 +07:00 [INF] Executing BadRequestObjectResult, writing value of type 'Microsoft.AspNetCore.Mvc.ValidationProblemDetails'.
2026-01-07 16:45:18.422 +07:00 [INF] Executed action PelindoCarLoan.API.Controllers.AuthController.Login (PelindoCarLoan.API) in 22.4939ms
2026-01-07 16:45:18.424 +07:00 [INF] Executed endpoint 'PelindoCarLoan.API.Controllers.AuthController.Login (PelindoCarLoan.API)'
2026-01-07 16:45:18.425 +07:00 [INF] Request finished HTTP/1.1 POST http://localhost:5000/api/auth/login - 400 null application/problem+json; charset=utf-8 33.863ms
2026-01-07 16:45:20.430 +07:00 [INF] Request starting HTTP/1.1 POST http://localhost:5000/api/auth/login - application/json 60
2026-01-07 16:45:20.433 +07:00 [INF] CORS policy execution successful.
2026-01-07 16:45:20.434 +07:00 [INF] Executing endpoint 'PelindoCarLoan.API.Controllers.AuthController.Login (PelindoCarLoan.API)'
2026-01-07 16:45:20.436 +07:00 [INF] Route matched with {action = "Login", controller = "Auth"}. Executing controller action with signature System.Threading.Tasks.Task`1[Microsoft.AspNetCore.Mvc.IActionResult] Login(PelindoCarLoan.API.DTOs.LoginRequestDto) on controller PelindoCarLoan.API.Controllers.AuthController (PelindoCarLoan.API).
2026-01-07 16:45:20.438 +07:00 [INF] Executing BadRequestObjectResult, writing value of type 'Microsoft.AspNetCore.Mvc.ValidationProblemDetails'.
2026-01-07 16:45:20.439 +07:00 [INF] Executed action PelindoCarLoan.API.Controllers.AuthController.Login (PelindoCarLoan.API) in 1.9374ms
2026-01-07 16:45:20.442 +07:00 [INF] Executed endpoint 'PelindoCarLoan.API.Controllers.AuthController.Login (PelindoCarLoan.API)'
2026-01-07 16:45:20.442 +07:00 [INF] Request finished HTTP/1.1 POST http://localhost:5000/api/auth/login - 400 null application/problem+json; charset=utf-8 12.7006ms
2026-01-07 16:45:20.911 +07:00 [INF] Request starting HTTP/1.1 POST http://localhost:5000/api/auth/login - application/json 60
2026-01-07 16:45:20.914 +07:00 [INF] CORS policy execution successful.
2026-01-07 16:45:20.915 +07:00 [INF] Executing endpoint 'PelindoCarLoan.API.Controllers.AuthController.Login (PelindoCarLoan.API)'
2026-01-07 16:45:20.916 +07:00 [INF] Route matched with {action = "Login", controller = "Auth"}. Executing controller action with signature System.Threading.Tasks.Task`1[Microsoft.AspNetCore.Mvc.IActionResult] Login(PelindoCarLoan.API.DTOs.LoginRequestDto) on controller PelindoCarLoan.API.Controllers.AuthController (PelindoCarLoan.API).
2026-01-07 16:45:20.918 +07:00 [INF] Executing BadRequestObjectResult, writing value of type 'Microsoft.AspNetCore.Mvc.ValidationProblemDetails'.
2026-01-07 16:45:20.920 +07:00 [INF] Executed action PelindoCarLoan.API.Controllers.AuthController.Login (PelindoCarLoan.API) in 1.7511ms
2026-01-07 16:45:20.921 +07:00 [INF] Executed endpoint 'PelindoCarLoan.API.Controllers.AuthController.Login (PelindoCarLoan.API)'
2026-01-07 16:45:20.923 +07:00 [INF] Request finished HTTP/1.1 POST http://localhost:5000/api/auth/login - 400 null application/problem+json; charset=utf-8 11.9595ms
2026-01-07 16:48:56.500 +07:00 [INF] Pelindo Car Loan API started successfully
2026-01-07 16:48:56.546 +07:00 [INF] User profile is available. Using 'C:\Users\abima\AppData\Local\ASP.NET\DataProtection-Keys' as key repository and Windows DPAPI to encrypt keys at rest.
2026-01-07 16:48:56.590 +07:00 [INF] Now listening on: http://localhost:5000
2026-01-07 16:48:56.593 +07:00 [INF] Application started. Press Ctrl+C to shut down.
2026-01-07 16:48:56.594 +07:00 [INF] Hosting environment: Production
2026-01-07 16:48:56.595 +07:00 [INF] Content root path: C:\Users\abima\Desktop\Project\Pelindo\pelindo-car-loan\backend\PelindoCarLoan.API
2026-01-07 16:53:51.185 +07:00 [INF] Request starting HTTP/1.1 GET http://localhost:5000/ - null null
2026-01-07 16:53:51.203 +07:00 [WRN] Failed to determine the https port for redirect.
2026-01-07 16:53:51.222 +07:00 [INF] Request finished HTTP/1.1 GET http://localhost:5000/ - 404 0 null 37.6009ms
2026-01-07 16:53:51.229 +07:00 [INF] Request reached the end of the middleware pipeline without being handled by application code. Request path: GET http://localhost:5000/, Response status code: 404
2026-01-07 16:54:47.212 +07:00 [INF] Request starting HTTP/1.1 POST http://localhost:5000/api/auth/login - application/json 57
2026-01-07 16:54:47.219 +07:00 [INF] Executing endpoint 'PelindoCarLoan.API.Controllers.AuthController.Login (PelindoCarLoan.API)'
2026-01-07 16:54:47.235 +07:00 [INF] Route matched with {action = "Login", controller = "Auth"}. Executing controller action with signature System.Threading.Tasks.Task`1[Microsoft.AspNetCore.Mvc.IActionResult] Login(PelindoCarLoan.API.DTOs.LoginRequestDto) on controller PelindoCarLoan.API.Controllers.AuthController (PelindoCarLoan.API).
2026-01-07 16:54:47.977 +07:00 [WRN] Login attempt failed - invalid password for user: admin@pelindo.co.id
2026-01-07 16:54:47.983 +07:00 [INF] Executing UnauthorizedObjectResult, writing value of type 'PelindoCarLoan.API.DTOs.ApiResponse`1[[System.Object, System.Private.CoreLib, Version=8.0.0.0, Culture=neutral, PublicKeyToken=7cec85d7bea7798e]]'.
2026-01-07 16:54:47.996 +07:00 [INF] Executed action PelindoCarLoan.API.Controllers.AuthController.Login (PelindoCarLoan.API) in 755.3505ms
2026-01-07 16:54:47.997 +07:00 [INF] Executed endpoint 'PelindoCarLoan.API.Controllers.AuthController.Login (PelindoCarLoan.API)'
2026-01-07 16:54:47.999 +07:00 [INF] Request finished HTTP/1.1 POST http://localhost:5000/api/auth/login - 401 null application/json; charset=utf-8 787.4245ms
